Files already downloaded and verified
Files already downloaded and verified
generating non_iid data...
(0: 180, {1: 107, 2: 1, 3: 14, 4: 21, 5: 6, 8: 31}
(1: 864, {0: 107, 2: 550, 4: 199, 5: 8}
(2: 781, {0: 6, 1: 72, 2: 664, 6: 38, 8: 1}
(3: 532, {0: 1, 2: 10, 3: 168, 4: 276, 6: 77}
(4: 66, {1: 1, 5: 56, 7: 1, 8: 8}
(5: 126, {0: 8, 1: 14, 4: 8, 5: 34, 7: 16, 9: 46}
(6: 58, {0: 22, 1: 2, 2: 21, 5: 1, 6: 12}
(7: 25, {1: 5, 3: 1, 4: 19}
(8: 1624, {1: 1, 3: 2, 4: 1419, 5: 29, 6: 18, 7: 102, 9: 53}
(9: 621, {0: 166, 1: 6, 2: 89, 3: 41, 4: 56, 5: 262, 7: 1}
(10: 633, {0: 567, 2: 4, 4: 2, 5: 16, 6: 3, 7: 37, 8: 1, 9: 3}
(11: 4, {1: 4}
(12: 1304, {2: 180, 3: 7, 4: 5, 5: 6, 6: 106, 7: 758, 8: 45, 9: 197}
(13: 466, {1: 1, 2: 22, 3: 1, 4: 56, 5: 64, 6: 7, 7: 315}
(14: 75, {2: 1, 3: 22, 5: 2, 6: 22, 9: 28}
(15: 130, {5: 127, 7: 2, 8: 1}
(16: 222, {0: 5, 2: 63, 3: 1, 4: 16, 8: 137}
(17: 238, {0: 26, 1: 140, 4: 16, 5: 55, 8: 1}
(18: 57, {1: 2, 4: 28, 6: 2, 8: 24, 9: 1}
(19: 163, {0: 1, 1: 95, 2: 41, 3: 20, 5: 6}
(20: 62, {3: 3, 4: 2, 5: 57}
(21: 334, {0: 18, 1: 10, 5: 39, 6: 8, 7: 3, 8: 255, 9: 1}
(22: 224, {2: 5, 3: 92, 5: 34, 6: 36, 8: 16, 9: 41}
(23: 1069, {0: 295, 1: 22, 2: 102, 4: 11, 5: 532, 6: 1, 7: 13, 9: 93}
(24: 32, {0: 3, 7: 27, 9: 2}
(25: 279, {0: 61, 1: 2, 2: 63, 5: 1, 6: 150, 8: 2}
(26: 96, {1: 85, 2: 1, 4: 10}
(27: 113, {4: 1, 5: 1, 8: 111}
(28: 543, {0: 37, 3: 234, 4: 270, 9: 2}
(29: 350, {2: 64, 3: 160, 4: 48, 5: 73, 6: 2, 7: 2, 8: 1}
(30: 5, {0: 1, 6: 3, 7: 1}
(31: 799, {0: 25, 1: 177, 3: 543, 9: 54}
(32: 994, {0: 220, 1: 69, 2: 3, 3: 564, 4: 18, 6: 90, 8: 30}
(33: 301, {2: 4, 4: 272, 7: 11, 8: 1, 9: 13}
(34: 88, {0: 9, 2: 7, 3: 1, 7: 71}
(35: 1380, {1: 182, 2: 61, 3: 114, 4: 1023}
(36: 376, {0: 18, 2: 63, 3: 29, 4: 106, 9: 160}
(37: 453, {0: 261, 3: 14, 5: 60, 6: 26, 7: 20, 8: 54, 9: 18}
(38: 391, {0: 30, 6: 358, 7: 3}
(39: 572, {5: 227, 6: 208, 7: 1, 8: 6, 9: 130}
(40: 754, {1: 12, 2: 11, 4: 40, 5: 5, 9: 686}
(41: 613, {0: 85, 1: 40, 4: 13, 6: 319, 8: 133, 9: 23}
(42: 502, {2: 16, 3: 2, 6: 68, 7: 384, 8: 32}
(43: 58, {0: 23, 2: 19, 5: 2, 8: 14}
(44: 549, {0: 508, 2: 35, 5: 6}
(45: 779, {0: 311, 3: 467, 9: 1}
(46: 433, {7: 428, 8: 1, 9: 4}
(47: 212, {2: 1, 3: 182, 4: 29}
(48: 617, {0: 592, 3: 22, 4: 1, 5: 2}
(49: 337, {0: 1, 1: 283, 6: 41, 9: 12}
(50: 319, {2: 98, 3: 5, 5: 2, 6: 15, 8: 22, 9: 177}
(51: 1160, {2: 503, 4: 2, 5: 35, 6: 233, 7: 138, 8: 249}
(52: 42, {2: 2, 7: 2, 8: 1, 9: 37}
(53: 229, {2: 5, 6: 8, 8: 216}
(54: 408, {2: 54, 3: 55, 4: 4, 6: 281, 7: 3, 8: 11}
(55: 479, {1: 399, 2: 3, 4: 73, 9: 4}
(56: 256, {0: 4, 3: 1, 4: 31, 5: 2, 6: 131, 8: 87}
(57: 1475, {1: 1390, 2: 2, 3: 2, 5: 4, 7: 42, 8: 1, 9: 34}
(58: 29, {0: 1, 2: 6, 4: 19, 6: 1, 8: 1, 9: 1}
(59: 347, {0: 48, 2: 11, 3: 12, 4: 1, 5: 272, 9: 3}
(60: 498, {1: 292, 3: 127, 5: 62, 6: 17}
(61: 259, {2: 1, 4: 73, 6: 2, 7: 65, 9: 118}
(62: 67, {0: 2, 2: 27, 6: 8, 8: 30}
(63: 2759, {0: 1, 2: 161, 4: 12, 5: 1229, 6: 1356}
(64: 317, {0: 11, 1: 1, 2: 88, 3: 23, 4: 1, 8: 3, 9: 190}
(65: 729, {0: 1, 1: 129, 3: 122, 6: 10, 7: 50, 9: 417}
(66: 126, {0: 1, 1: 2, 3: 3, 4: 1, 7: 47, 9: 72}
(67: 144, {1: 39, 3: 4, 4: 61, 7: 1, 8: 2, 9: 37}
(68: 2040, {0: 3, 1: 108, 3: 920, 5: 1009}
(69: 1170, {2: 1, 3: 14, 4: 26, 6: 15, 8: 1114}
(70: 78, {3: 9, 6: 8, 8: 6, 9: 55}
(71: 119, {3: 61, 4: 7, 5: 50, 6: 1}
(72: 173, {2: 50, 5: 5, 7: 117, 9: 1}
(73: 466, {0: 218, 3: 59, 6: 10, 8: 150, 9: 29}
(74: 877, {0: 389, 2: 367, 3: 1, 6: 101, 9: 19}
(75: 55, {2: 48, 3: 6, 4: 1}
(76: 543, {0: 37, 1: 373, 2: 12, 3: 1, 4: 1, 6: 28, 7: 44, 8: 39, 9: 8}
(77: 175, {3: 172, 8: 2, 9: 1}
(78: 78, {0: 10, 1: 1, 4: 7, 5: 19, 8: 41}
(79: 900, {2: 883, 7: 16, 8: 1}
(80: 191, {0: 128, 2: 18, 3: 11, 4: 2, 8: 25, 9: 7}
(81: 75, {3: 3, 6: 54, 7: 1, 9: 17}
(82: 128, {0: 4, 1: 71, 4: 2, 8: 1, 9: 50}
(83: 1532, {1: 8, 2: 3, 3: 7, 7: 78, 9: 1436}
(84: 358, {0: 1, 2: 65, 5: 91, 6: 1, 7: 200}
(85: 1298, {0: 317, 1: 279, 2: 81, 3: 7, 4: 493, 5: 8, 8: 113}
(86: 2328, {0: 212, 2: 31, 3: 10, 5: 163, 8: 1912}
(87: 664, {0: 182, 1: 16, 2: 44, 3: 346, 5: 65, 6: 4, 9: 7}
(88: 420, {2: 1, 4: 202, 7: 86, 8: 2, 9: 129}
(89: 139, {5: 133, 6: 5, 9: 1}
(90: 272, {2: 47, 7: 7, 9: 218}
(91: 168, {1: 55, 3: 85, 5: 28}
(92: 1268, {5: 38, 6: 871, 7: 34, 9: 325}
(93: 239, {2: 74, 3: 13, 4: 5, 5: 65, 6: 65, 8: 6, 9: 11}
(94: 346, {1: 5, 2: 89, 3: 203, 4: 2, 6: 32, 7: 15}
(95: 627, {0: 9, 2: 14, 7: 581, 8: 22, 9: 1}
(96: 667, {1: 474, 3: 13, 4: 8, 5: 8, 6: 147, 9: 17}
(97: 1295, {7: 1258, 8: 37}
(98: 32, {2: 14, 7: 18}
(99: 147, {0: 13, 1: 26, 2: 95, 4: 1, 5: 1, 7: 1, 8: 1, 9: 9}
(100: 5, {0: 1, 2: 1, 3: 1, 6: 1, 9: 1}
train data generation process completed
(0: 10000, {3: 1000, 8: 1000, 0: 1000, 6: 1000, 1: 1000, 9: 1000, 5: 1000, 7: 1000, 4: 1000, 2: 1000}
non-train data generation process completed
Running Mode: core.MPMT.MPMT
Training Mode: Single-GPU-Mode
Using cuda: 1
Process Nums: 15
Starting clients
edge_server_0: [1, 2, 5, 8, 9, 22, 23, 24, 25, 33, 34, 43, 44, 50, 51, 53, 55, 62, 68, 69, 75, 81, 88, 90, 91, 94]
  delay range: 7.04 - 11.25
  client count: 26
edge_server_1: [0, 7, 11, 28, 31, 32, 35, 36, 38, 45, 52, 54, 59, 67, 74, 85, 86, 87, 89, 93, 95]
  delay range: 12.02 - 14.64
  client count: 21
edge_server_2: [3, 10, 13, 15, 16, 18, 19, 20, 37, 41, 46, 47, 49, 58, 63, 65, 66, 77, 79, 82, 92, 96, 99]
  delay range: 16.40 - 20.49
  client count: 23
edge_server_3: [4, 14, 21, 29, 42, 57, 61, 72, 78, 83, 12, 6, 84, 71, 17]
  delay range: 14.66 - 25.48
  client count: 15
edge_server_4: [26, 40, 56, 98, 70, 76, 30, 64, 60, 27, 48, 97, 80, 39, 73]
  delay range: 15.07 - 30.10
  client count: 15
Start server:
starting all edge servers training
Current clients: 26 , select: 10
group 0 selected 10 clients: [68, 22, 5, 24, 51, 33, 43, 91, 55, 94]
Current clients: 21 , select: 10
group 1 selected 10 clients: [32, 0, 38, 95, 28, 93, 36, 74, 89, 85]
Current clients: 23 , select: 10
group 2 selected 10 clients: [46, 79, 92, 18, 19, 13, 99, 63, 41, 3]
Current clients: 15 , select: 10
group 3 selected 10 clients: [83, 61, 42, 57, 6, 72, 4, 84, 71, 21]
Current clients: 15 , select: 10
group 4 selected 10 clients: [27, 30, 98, 97, 73, 70, 80, 56, 48, 76]
group_ready_num: 0 [10, 10, 10, 10, 10]
------------------------------------------------------------------------------------------------------------------------
Epoch 1 tested, accuracy: 9.375 loss 2.5740284644640408 run_time 25.980408906936646
------------------------------------------------------------------------------------------------------------------------
Current clients: 26 , select: 10
group 0 selected 10 clients: [1, 68, 91, 90, 23, 94, 9, 24, 69, 8]
group_ready_num: 1 [10, 10, 10, 10, 10]
------------------------------------------------------------------------------------------------------------------------
Epoch 2 tested, accuracy: 9.375 loss 2.5740284644640408 run_time 31.281978607177734
------------------------------------------------------------------------------------------------------------------------
Current clients: 21 , select: 10
group 1 selected 10 clients: [95, 54, 74, 85, 45, 35, 32, 86, 11, 89]
group_ready_num: 2 [10, 10, 10, 10, 10]
------------------------------------------------------------------------------------------------------------------------
Epoch 3 tested, accuracy: 12.029246794871796 loss 2.842846292715806 run_time 37.05305790901184
------------------------------------------------------------------------------------------------------------------------
Current clients: 23 , select: 10
group 2 selected 10 clients: [16, 49, 77, 96, 46, 82, 65, 3, 18, 37]
group_ready_num: 4 [10, 10, 10, 10, 10]
------------------------------------------------------------------------------------------------------------------------
Epoch 4 tested, accuracy: 12.419871794871796 loss 2.73914735745161 run_time 43.114428758621216
------------------------------------------------------------------------------------------------------------------------
Current clients: 15 , select: 10
group 4 selected 10 clients: [39, 60, 40, 80, 26, 64, 97, 98, 76, 70]
group_ready_num: 0 [10, 10, 10, 10, 10]
------------------------------------------------------------------------------------------------------------------------
Epoch 5 tested, accuracy: 12.169471153846153 loss 2.5792311093746085 run_time 49.67105460166931
------------------------------------------------------------------------------------------------------------------------
Current clients: 26 , select: 10
group 0 selected 10 clients: [34, 94, 81, 75, 9, 50, 8, 25, 68, 69]
group_ready_num: 1 [10, 10, 10, 10, 10]
------------------------------------------------------------------------------------------------------------------------
Epoch 6 tested, accuracy: 11.658653846153847 loss 2.582378849005088 run_time 56.53453826904297
------------------------------------------------------------------------------------------------------------------------
Current clients: 21 , select: 10
group 1 selected 10 clients: [59, 54, 85, 52, 7, 95, 86, 36, 87, 31]
group_ready_num: 3 [10, 10, 10, 10, 10]
------------------------------------------------------------------------------------------------------------------------
Epoch 7 tested, accuracy: 11.197916666666666 loss 2.456413379082313 run_time 63.611637353897095
------------------------------------------------------------------------------------------------------------------------
Current clients: 15 , select: 10
group 3 selected 10 clients: [61, 17, 6, 29, 83, 21, 12, 4, 57, 84]
group_ready_num: 0 [10, 10, 10, 10, 10]
------------------------------------------------------------------------------------------------------------------------
Epoch 8 tested, accuracy: 11.618589743589743 loss 2.518441221652887 run_time 70.77003812789917
------------------------------------------------------------------------------------------------------------------------
Current clients: 26 , select: 10
group 0 selected 10 clients: [34, 50, 53, 43, 9, 2, 1, 22, 33, 5]
group_ready_num: 2 [10, 10, 10, 10, 10]
------------------------------------------------------------------------------------------------------------------------
Epoch 9 tested, accuracy: 11.648637820512821 loss 2.5403684805601072 run_time 78.37354397773743
------------------------------------------------------------------------------------------------------------------------
Current clients: 23 , select: 10
group 2 selected 10 clients: [41, 82, 20, 99, 10, 18, 96, 15, 46, 92]
group_ready_num: 1 [10, 10, 10, 10, 10]
------------------------------------------------------------------------------------------------------------------------
Epoch 10 tested, accuracy: 11.508413461538462 loss 2.5668303691423855 run_time 86.15825414657593
------------------------------------------------------------------------------------------------------------------------
Current clients: 21 , select: 10
group 1 selected 10 clients: [86, 38, 59, 54, 45, 93, 11, 85, 52, 35]
group_ready_num: 0 [10, 10, 10, 10, 10]
------------------------------------------------------------------------------------------------------------------------
Epoch 11 tested, accuracy: 12.429887820512821 loss 2.587291815342047 run_time 93.54437160491943
------------------------------------------------------------------------------------------------------------------------
Current clients: 26 , select: 10
group 0 selected 10 clients: [55, 25, 53, 9, 34, 50, 51, 94, 1, 24]
group_ready_num: 4 [10, 10, 10, 10, 10]
------------------------------------------------------------------------------------------------------------------------
Epoch 12 tested, accuracy: 13.341346153846153 loss 2.483918923598069 run_time 101.06993675231934
------------------------------------------------------------------------------------------------------------------------
Current clients: 15 , select: 10
group 4 selected 10 clients: [97, 80, 76, 26, 30, 56, 48, 39, 70, 40]
group_ready_num: 2 [10, 10, 10, 10, 10]
------------------------------------------------------------------------------------------------------------------------
Epoch 13 tested, accuracy: 13.962339743589743 loss 2.43832794825236 run_time 109.37925219535828
------------------------------------------------------------------------------------------------------------------------
Current clients: 23 , select: 10
group 2 selected 10 clients: [58, 49, 47, 18, 79, 99, 66, 46, 41, 10]
group_ready_num: 0 [10, 10, 10, 10, 10]
------------------------------------------------------------------------------------------------------------------------
Epoch 14 tested, accuracy: 15.134214743589743 loss 2.4433509692167625 run_time 116.83558940887451
------------------------------------------------------------------------------------------------------------------------
Current clients: 26 , select: 10
group 0 selected 10 clients: [94, 55, 88, 43, 24, 25, 2, 75, 22, 91]
group_ready_num: 1 [10, 10, 10, 10, 10]
------------------------------------------------------------------------------------------------------------------------
Epoch 15 tested, accuracy: 14.513221153846153 loss 2.468364260135553 run_time 124.50701594352722
------------------------------------------------------------------------------------------------------------------------
Current clients: 21 , select: 10
group 1 selected 10 clients: [95, 0, 67, 38, 36, 35, 93, 59, 85, 32]
group_ready_num: 3 [10, 10, 10, 10, 10]
------------------------------------------------------------------------------------------------------------------------
Epoch 16 tested, accuracy: 17.628205128205128 loss 2.3044246404598923 run_time 132.48612523078918
------------------------------------------------------------------------------------------------------------------------
Current clients: 15 , select: 10
group 3 selected 10 clients: [61, 4, 57, 84, 71, 21, 78, 6, 83, 72]
group_ready_num: 0 [10, 10, 10, 10, 10]
------------------------------------------------------------------------------------------------------------------------
Epoch 17 tested, accuracy: 17.377804487179485 loss 2.358574252862197 run_time 140.10299801826477
------------------------------------------------------------------------------------------------------------------------
Current clients: 26 , select: 10
group 0 selected 10 clients: [88, 69, 68, 22, 8, 55, 94, 24, 81, 43]
group_ready_num: 2 [10, 10, 10, 10, 10]
------------------------------------------------------------------------------------------------------------------------
Epoch 18 tested, accuracy: 16.42628205128205 loss 2.3362248066144113 run_time 147.76843070983887
------------------------------------------------------------------------------------------------------------------------
Current clients: 23 , select: 10
group 2 selected 10 clients: [77, 79, 63, 49, 10, 18, 47, 96, 41, 16]
group_ready_num: 1 [10, 10, 10, 10, 10]
------------------------------------------------------------------------------------------------------------------------
Epoch 19 tested, accuracy: 15.164262820512821 loss 2.3733937984857802 run_time 155.7924575805664
------------------------------------------------------------------------------------------------------------------------
Current clients: 21 , select: 10
group 1 selected 10 clients: [89, 74, 38, 59, 28, 52, 11, 32, 31, 95]
group_ready_num: 0 [10, 10, 10, 10, 10]
------------------------------------------------------------------------------------------------------------------------
Epoch 20 tested, accuracy: 14.022435897435898 loss 2.345033715932797 run_time 163.57567262649536
------------------------------------------------------------------------------------------------------------------------
Current clients: 26 , select: 10
group 0 selected 10 clients: [69, 55, 34, 24, 23, 88, 53, 33, 51, 1]
group_ready_num: 4 [10, 10, 10, 10, 10]
------------------------------------------------------------------------------------------------------------------------
Epoch 21 tested, accuracy: 13.161057692307692 loss 2.234624138245216 run_time 171.48853874206543
------------------------------------------------------------------------------------------------------------------------
Current clients: 15 , select: 10
group 4 selected 10 clients: [27, 76, 39, 73, 40, 56, 60, 98, 26, 64]
group_ready_num: 2 [10, 10, 10, 10, 10]
------------------------------------------------------------------------------------------------------------------------
Epoch 22 tested, accuracy: 19.12059294871795 loss 2.194654073470678 run_time 179.7019453048706
------------------------------------------------------------------------------------------------------------------------
Current clients: 23 , select: 10
group 2 selected 10 clients: [82, 99, 19, 10, 16, 92, 96, 18, 79, 58]
group_ready_num: 0 [10, 10, 10, 10, 10]
------------------------------------------------------------------------------------------------------------------------
Epoch 23 tested, accuracy: 18.56971153846154 loss 2.2078760892916947 run_time 187.7206449508667
------------------------------------------------------------------------------------------------------------------------
Current clients: 26 , select: 10
group 0 selected 10 clients: [55, 91, 23, 43, 62, 53, 94, 1, 75, 33]
group_ready_num: 1 [10, 10, 10, 10, 10]
------------------------------------------------------------------------------------------------------------------------
Epoch 24 tested, accuracy: 19.81169871794872 loss 2.211767942477495 run_time 195.8181459903717
------------------------------------------------------------------------------------------------------------------------
Current clients: 21 , select: 10
group 1 selected 10 clients: [45, 52, 31, 74, 89, 7, 95, 28, 38, 0]
group_ready_num: 3 [10, 10, 10, 10, 10]
------------------------------------------------------------------------------------------------------------------------
Epoch 25 tested, accuracy: 23.177083333333332 loss 2.1329615054986415 run_time 203.98064970970154
------------------------------------------------------------------------------------------------------------------------
Current clients: 15 , select: 10
group 3 selected 10 clients: [14, 12, 72, 83, 57, 6, 61, 29, 4, 84]
group_ready_num: 0 [10, 10, 10, 10, 10]
------------------------------------------------------------------------------------------------------------------------
Epoch 26 tested, accuracy: 22.65625 loss 2.1442870176755466 run_time 212.35040307044983
------------------------------------------------------------------------------------------------------------------------
Current clients: 26 , select: 10
group 0 selected 10 clients: [91, 34, 43, 23, 88, 81, 53, 24, 1, 62]
group_ready_num: 1 [10, 10, 10, 10, 10]
------------------------------------------------------------------------------------------------------------------------
Epoch 27 tested, accuracy: 21.41426282051282 loss 2.1648990160379653 run_time 220.50502824783325
------------------------------------------------------------------------------------------------------------------------
Current clients: 21 , select: 10
group 1 selected 10 clients: [93, 67, 7, 59, 45, 38, 31, 36, 74, 89]
group_ready_num: 2 [10, 10, 10, 10, 10]
------------------------------------------------------------------------------------------------------------------------
Epoch 28 tested, accuracy: 17.48798076923077 loss 2.245359044808608 run_time 228.88407015800476
------------------------------------------------------------------------------------------------------------------------
Current clients: 23 , select: 10
group 2 selected 10 clients: [66, 15, 19, 18, 49, 46, 96, 92, 16, 99]
group_ready_num: 0 [10, 10, 10, 10, 10]
------------------------------------------------------------------------------------------------------------------------
Epoch 29 tested, accuracy: 16.967147435897434 loss 2.259697926350129 run_time 236.86346578598022
------------------------------------------------------------------------------------------------------------------------
Current clients: 26 , select: 10
group 0 selected 10 clients: [94, 23, 90, 33, 53, 25, 75, 55, 8, 5]
group_ready_num: 4 [10, 10, 10, 10, 10]
------------------------------------------------------------------------------------------------------------------------
Epoch 30 tested, accuracy: 16.796875 loss 2.2803345857522426 run_time 244.96594142913818
------------------------------------------------------------------------------------------------------------------------

scheduler_thread joined
updater_thread joined
data_getter_thread joined
Un-used client weights: 23
End!
Time used:
4:41:20.983469
281.3333333333333 min
4.688888888888889 h
2025-04-06 11:27:18,024 - INFO - Log file saved and uploaded to wandb: /disk14T/ypguo/async-FL/src/fl/../../results/Exp2025-V2-Cifar10-dir0.1/FedAT-dir0.1/o.txt
====================
开始缓存清理
缓存清理完成
====================
[34m[1mwandb[39m[22m: [33mWARNING[39m Saving files without folders. If you want to preserve sub directories pass base_path to wandb.save, i.e. wandb.save("/mnt/folder/file.h5", base_path="/mnt")